 PopH264.Uwp

 Timestamp is 5c40e403 (Thu Jan 17 20:22:27 2019)

 Preferred load address is 10000000

 Start         Length     Name                   Class
 0001:00000000 00010000H .textbss                DATA
 0002:00000000 000041abH .text$mn                CODE
 0003:00000000 00000104H .CRT$XCA                DATA
 0003:00000104 00000104H .CRT$XCZ                DATA
 0003:00000208 00000104H .CRT$XIA                DATA
 0003:0000030c 00000104H .CRT$XIZ                DATA
 0003:00000410 00000104H .CRT$XPA                DATA
 0003:00000514 00000104H .CRT$XPZ                DATA
 0003:00000618 00000104H .CRT$XTA                DATA
 0003:0000071c 00000104H .CRT$XTZ                DATA
 0003:00000820 00000b9cH .rdata                  DATA
 0003:000013bc 00000184H .rdata$zzzdbg           DATA
 0003:00001540 00000104H .rtc$IAA                DATA
 0003:00001644 00000104H .rtc$IMZ                DATA
 0003:00001748 00000104H .rtc$IZZ                DATA
 0003:0000184c 00000104H .rtc$TAA                DATA
 0003:00001950 00000104H .rtc$TMZ                DATA
 0003:00001a54 00000104H .rtc$TZZ                DATA
 0003:00001b58 000001d8H .xdata$x                DATA
 0003:00001d30 00000161H .edata                  DATA
 0004:00000000 00000138H .data                   DATA
 0004:00000138 00000448H .bss                    DATA
 0005:00000000 000002ecH .idata$5                DATA
 0005:000002ec 00000104H .idata$2                DATA
 0005:000003f0 00000014H .idata$3                DATA
 0005:00000404 000002ecH .idata$4                DATA
 0005:000006f0 0000066eH .idata$6                DATA
 0006:00000000 0000012aH .gfids$y                DATA
 0007:00000000 00000104H .00cfg                  DATA

  Address         Publics by Value              Rva+Base       Lib:Object

 0000:00000000       ___guard_longjmp_count     00000000     <absolute>
 0000:00000000       ___guard_longjmp_table     00000000     <absolute>
 0000:00000000       ___safe_se_handler_table   00000000     <absolute>
 0000:00000000       ___dynamic_value_reloc_table 00000000     <absolute>
 0000:00000000       ___guard_iat_table         00000000     <absolute>
 0000:00000000       ___guard_iat_count         00000000     <absolute>
 0000:00000000       ___safe_se_handler_count   00000000     <absolute>
 0000:00000000       ___guard_fids_count        00000000     <absolute>
 0000:00000000       ___guard_fids_table        00000000     <absolute>
 0000:00000100       ___guard_flags             00000100     <absolute>
 0000:00000000       ___ImageBase               10000000     <linker-defined>
 0001:00000000       __enc$textbss$begin        10001000     <linker-defined>
 0001:00010000       __enc$textbss$end          10011000     <linker-defined>
 0002:00000510       ?__empty_global_delete@@YAXPAX@Z 10011510 f i PopCameraDevice.obj
 0002:00000540       ?__empty_global_delete@@YAXPAXI@Z 10011540 f i PopCameraDevice.obj
 0002:00000570       _DllMain@12                10011570 f   PopCameraDevice.obj
 0002:000005c0       _GetTestInteger            100115c0 f   PopCameraDevice.obj
 0002:00000600       __CRT_RTC_INIT             10011600 f   MSVCRTD:_init_.obj
 0002:00000610       __CRT_RTC_INITW            10011610 f   MSVCRTD:_init_.obj
 0002:00000620       __RTC_InitBase             10011620 f   MSVCRTD:_init_.obj
 0002:00000660       __RTC_Shutdown             10011660 f   MSVCRTD:_init_.obj
 0002:00000c40       __CRT_INIT@12              10011c40 f   MSVCRTD:dll_dllmain.obj
 0002:00000c60       __DllMainCRTStartup@12     10011c60 f   MSVCRTD:dll_dllmain.obj
 0002:00000c90       ?_RTC_GetErrorFunc@@YAP6AHHPBDH00ZZPBX@Z 10011c90 f   MSVCRTD:_userapi_.obj
 0002:00000ca0       ?_RTC_GetErrorFuncW@@YAP6AHHPB_WH00ZZPBX@Z 10011ca0 f   MSVCRTD:_userapi_.obj
 0002:00000cb0       __RTC_GetErrDesc           10011cb0 f   MSVCRTD:_userapi_.obj
 0002:00000cd0       __RTC_NumErrors            10011cd0 f   MSVCRTD:_userapi_.obj
 0002:00000ce0       __RTC_SetErrorFunc         10011ce0 f   MSVCRTD:_userapi_.obj
 0002:00000d10       __RTC_SetErrorFuncW        10011d10 f   MSVCRTD:_userapi_.obj
 0002:00000d40       __RTC_SetErrorType         10011d40 f   MSVCRTD:_userapi_.obj
 0002:00000d70       ??$__crt_fast_decode_pointer@PAP6AXXZ@@YAPAP6AXXZQAP6AXXZ@Z 10011d70 f i MSVCRTD:utility.obj
 0002:00000da0       ??$__crt_fast_encode_pointer@PAP6AXXZ@@YAPAP6AXXZQAP6AXXZ@Z 10011da0 f i MSVCRTD:utility.obj
 0002:00000de0       ?__crt_rotate_pointer_value@@YAIIH@Z 10011de0 f i MSVCRTD:utility.obj
 0002:00000df0       ?configure_argv@__scrt_narrow_argv_policy@@SAHXZ 10011df0 f i MSVCRTD:utility.obj
 0002:00000f50       _NtCurrentTeb              10011f50 f i MSVCRTD:utility.obj
 0002:00000f60       ___scrt_acquire_startup_lock 10011f60 f   MSVCRTD:utility.obj
 0002:00000fc0       ___scrt_dllmain_after_initialize_c 10011fc0 f   MSVCRTD:utility.obj
 0002:00001000       ___scrt_dllmain_before_initialize_c 10012000 f   MSVCRTD:utility.obj
 0002:00001030       ___scrt_dllmain_crt_thread_attach 10012030 f   MSVCRTD:utility.obj
 0002:00001070       ___scrt_dllmain_crt_thread_detach 10012070 f   MSVCRTD:utility.obj
 0002:00001090       ___scrt_dllmain_exception_filter 10012090 f   MSVCRTD:utility.obj
 0002:000010f0       ___scrt_dllmain_uninitialize_c 100120f0 f   MSVCRTD:utility.obj
 0002:00001130       ___scrt_dllmain_uninitialize_critical 10012130 f   MSVCRTD:utility.obj
 0002:00001150       ___scrt_initialize_crt     10012150 f   MSVCRTD:utility.obj
 0002:000011b0       ___scrt_initialize_onexit_tables 100121b0 f   MSVCRTD:utility.obj
 0002:000012b0       ___scrt_is_nonwritable_in_current_image 100122b0 f   MSVCRTD:utility.obj
 0002:00001430       ___scrt_release_startup_lock 10012430 f   MSVCRTD:utility.obj
 0002:00001460       ___scrt_uninitialize_crt   10012460 f   MSVCRTD:utility.obj
 0002:000014b0       __onexit                   100124b0 f   MSVCRTD:utility.obj
 0002:00001540       _at_quick_exit             10012540 f   MSVCRTD:utility.obj
 0002:000015a0       _atexit                    100125a0 f   MSVCRTD:utility.obj
 0002:000015e0       ___security_init_cookie    100125e0 f   MSVCRTD:gs_support.obj
 0002:00001700       ?__scrt_initialize_type_info@@YAXXZ 10012700 f   MSVCRTD:tncleanup.obj
 0002:00001720       ?__scrt_uninitialize_type_info@@YAXXZ 10012720 f   MSVCRTD:tncleanup.obj
 0002:00001740       ___local_stdio_printf_options 10012740 f i MSVCRTD:default_local_stdio_options.obj
 0002:00001750       ___local_stdio_scanf_options 10012750 f i MSVCRTD:default_local_stdio_options.obj
 0002:00001760       ___scrt_initialize_default_local_stdio_options 10012760 f   MSVCRTD:default_local_stdio_options.obj
 0002:000017b0       ___scrt_get_dyn_tls_init_callback 100127b0 f   MSVCRTD:dyn_tls_init.obj
 0002:000017c0       ___scrt_fastfail           100127c0 f   MSVCRTD:utility_app.obj
 0002:000017d0       ___scrt_get_show_window_mode 100127d0 f   MSVCRTD:utility_app.obj
 0002:000017e0       ___scrt_initialize_winrt   100127e0 f   MSVCRTD:utility_app.obj
 0002:00001820       ___scrt_is_managed_app     10012820 f   MSVCRTD:utility_app.obj
 0002:00001830       ___scrt_set_unhandled_exception_filter 10012830 f   MSVCRTD:utility_app.obj
 0002:00001840       __RTC_Initialize           10012840 f   MSVCRTD:_initsect_.obj
 0002:00001880       __RTC_Terminate            10012880 f   MSVCRTD:_initsect_.obj
 0002:000018c0       @_guard_check_icall@4      100128c0 f i MSVCRTD:checkcfg.obj
 0002:000018e0       __except_handler4          100128e0 f   MSVCRTD:_chandler4gs_.obj
 0002:00001910       ??$__vcrt_va_start_verify_argument_type@QBD@@YAXXZ 10012910 f i MSVCRTD:_error_.obj
 0002:00001ac0       ?_RTC_AllocaFailure@@YAXPAXPAU_RTC_ALLOCA_NODE@@H@Z 10012ac0 f   MSVCRTD:_error_.obj
 0002:00001c30       ?_RTC_Failure@@YAXPAXH@Z   10012c30 f   MSVCRTD:_error_.obj
 0002:00001ca0       ?_RTC_StackFailure@@YAXPAXPBD@Z 10012ca0 f   MSVCRTD:_error_.obj
 0002:00002120       __RTC_UninitUse            10013120 f   MSVCRTD:_error_.obj
 0002:00002250       __vsprintf_s_l             10013250 f i MSVCRTD:_error_.obj
 0002:00002290       _sprintf_s                 10013290 f i MSVCRTD:_error_.obj
 0002:000022c0       ___isa_available_init      100132c0 f   MSVCRTD:_cpu_disp_.obj
 0002:00002650       __get_startup_argv_mode    10013650 f   MSVCRTD:argv_mode.obj
 0002:00002660       ___scrt_is_ucrt_dll_in_use 10013660 f   MSVCRTD:ucrt_detection.obj
 0002:00002690       @_guard_check_icall_nop@4  10013690 f i MSVCRTD:guard_support.obj
 0002:000026a0       __guard_icall_checks_enforced 100136a0 f i MSVCRTD:guard_support.obj
 0002:000026d0       @__security_check_cookie@4 100136d0 f   MSVCRTD:_secchk_.obj
 0002:00002cb0       ?_RTC_GetSrcLine@@YAHPAEPA_WKPAH1K@Z 10013cb0 f   MSVCRTD:_pdblkup_.obj
 0002:000030e0       ___report_gsfailure        100140e0 f   MSVCRTD:gs_report.obj
 0002:000030f0       ___report_rangecheckfailure 100140f0 f   MSVCRTD:gs_report.obj
 0002:00003100       ___report_securityfailure  10014100 f   MSVCRTD:gs_report.obj
 0002:00003110       ___report_securityfailureEx 10014110 f   MSVCRTD:gs_report.obj
 0002:0000311c       ___std_type_info_destroy_list 1001411c f   vcruntimed:VCRUNTIME140D_APP.dll
 0002:00003122       __except_handler4_common   10014122 f   vcruntimed:VCRUNTIME140D_APP.dll
 0002:00003128       ___vcrt_GetModuleFileNameW 10014128 f   vcruntimed:VCRUNTIME140D_APP.dll
 0002:0000312e       ___vcrt_GetModuleHandleW   1001412e f   vcruntimed:VCRUNTIME140D_APP.dll
 0002:00003134       ___vcrt_LoadLibraryExW     10014134 f   vcruntimed:VCRUNTIME140D_APP.dll
 0002:0000313a       __CrtDbgReport             1001413a f   ucrtd:ucrtbased.dll
 0002:00003140       __CrtDbgReportW            10014140 f   ucrtd:ucrtbased.dll
 0002:00003146       __initterm                 10014146 f   ucrtd:ucrtbased.dll
 0002:0000314c       __initterm_e               1001414c f   ucrtd:ucrtbased.dll
 0002:00003152       __seh_filter_dll           10014152 f   ucrtd:ucrtbased.dll
 0002:00003158       __configure_narrow_argv    10014158 f   ucrtd:ucrtbased.dll
 0002:0000315e       __initialize_narrow_environment 1001415e f   ucrtd:ucrtbased.dll
 0002:00003164       __initialize_onexit_table  10014164 f   ucrtd:ucrtbased.dll
 0002:0000316a       __register_onexit_function 1001416a f   ucrtd:ucrtbased.dll
 0002:00003170       __execute_onexit_table     10014170 f   ucrtd:ucrtbased.dll
 0002:00003176       __crt_atexit               10014176 f   ucrtd:ucrtbased.dll
 0002:0000317c       __crt_at_quick_exit        1001417c f   ucrtd:ucrtbased.dll
 0002:00003182       __cexit                    10014182 f   ucrtd:ucrtbased.dll
 0002:00003188       ___stdio_common_vsprintf_s 10014188 f   ucrtd:ucrtbased.dll
 0002:0000318e       __wmakepath_s              1001418e f   ucrtd:ucrtbased.dll
 0002:00003194       __wsplitpath_s             10014194 f   ucrtd:ucrtbased.dll
 0002:0000319a       _wcscpy_s                  1001419a f   ucrtd:ucrtbased.dll
 0002:000031a0       _QueryPerformanceCounter@4 100141a0 f   WindowsApp:api-ms-win-core-profile-l1-1-0.dll
 0002:000031a6       _GetCurrentProcessId@0     100141a6 f   WindowsApp:api-ms-win-core-processthreads-l1-1-2.dll
 0002:000031ac       _GetCurrentThreadId@0      100141ac f   WindowsApp:api-ms-win-core-processthreads-l1-1-2.dll
 0002:000031b2       _GetSystemTimeAsFileTime@4 100141b2 f   WindowsApp:api-ms-win-core-sysinfo-l1-2-1.dll
 0002:000031b8       _InitializeSListHead@4     100141b8 f   WindowsApp:api-ms-win-core-interlocked-l1-2-0.dll
 0002:000031be       _RoInitialize@4            100141be f   WindowsApp:api-ms-win-core-winrt-l1-1-0.dll
 0002:000031c4       _IsDebuggerPresent@0       100141c4 f   WindowsApp:api-ms-win-core-debug-l1-1-1.dll
 0002:000031ca       _RaiseException@16         100141ca f   WindowsApp:api-ms-win-core-errorhandling-l1-1-1.dll
 0002:000031d0       _MultiByteToWideChar@24    100141d0 f   WindowsApp:api-ms-win-core-string-l1-1-0.dll
 0002:000031d6       _WideCharToMultiByte@32    100141d6 f   WindowsApp:api-ms-win-core-string-l1-1-0.dll
 0002:000031dc       _IsProcessorFeaturePresent@4 100141dc f   WindowsApp:api-ms-win-core-processthreads-l1-1-2.dll
 0002:000031e2       _GetLastError@0            100141e2 f   WindowsApp:api-ms-win-core-errorhandling-l1-1-1.dll
 0002:000031e8       _HeapAlloc@12              100141e8 f   WindowsApp:api-ms-win-core-heap-l1-2-0.dll
 0002:000031ee       _HeapFree@12               100141ee f   WindowsApp:api-ms-win-core-heap-l1-2-0.dll
 0002:000031f4       _GetProcessHeap@0          100141f4 f   WindowsApp:api-ms-win-core-heap-l1-2-0.dll
 0002:000031fa       _VirtualQuery@12           100141fa f   WindowsApp:api-ms-win-core-memory-l1-1-2.dll
 0002:00003200       _FreeLibrary@4             10014200 f   WindowsApp:api-ms-win-core-libraryloader-l1-2-0.dll
 0002:00003206       _GetProcAddress@8          10014206 f   WindowsApp:api-ms-win-core-libraryloader-l1-2-0.dll
 0002:00003210       ___scrt_stub_for_acrt_initialize 10014210 f   MSVCRTD:ucrt_stubs.obj
 0002:00003210       ___vcrt_initialize         10014210 f   MSVCRTD:ucrt_stubs.obj
 0002:00003210       ___acrt_initialize         10014210 f   MSVCRTD:ucrt_stubs.obj
 0002:00003220       ___acrt_thread_attach      10014220 f   MSVCRTD:ucrt_stubs.obj
 0002:00003220       ___scrt_stub_for_acrt_thread_attach 10014220 f   MSVCRTD:ucrt_stubs.obj
 0002:00003220       ___vcrt_thread_attach      10014220 f   MSVCRTD:ucrt_stubs.obj
 0002:00003230       ___acrt_thread_detach      10014230 f   MSVCRTD:ucrt_stubs.obj
 0002:00003230       ___scrt_stub_for_acrt_thread_detach 10014230 f   MSVCRTD:ucrt_stubs.obj
 0002:00003230       ___vcrt_thread_detach      10014230 f   MSVCRTD:ucrt_stubs.obj
 0002:00003240       ___acrt_uninitialize       10014240 f   MSVCRTD:ucrt_stubs.obj
 0002:00003240       ___scrt_stub_for_acrt_uninitialize 10014240 f   MSVCRTD:ucrt_stubs.obj
 0002:00003240       ___vcrt_uninitialize       10014240 f   MSVCRTD:ucrt_stubs.obj
 0002:00003250       ___vcrt_uninitialize_critical 10014250 f   MSVCRTD:ucrt_stubs.obj
 0002:00003250       ___acrt_uninitialize_critical 10014250 f   MSVCRTD:ucrt_stubs.obj
 0002:00003250       ___scrt_stub_for_acrt_uninitialize_critical 10014250 f   MSVCRTD:ucrt_stubs.obj
 0002:00003260       __is_c_termination_complete 10014260 f   MSVCRTD:ucrt_stubs.obj
 0002:00003260       ___scrt_stub_for_is_c_termination_complete 10014260 f   MSVCRTD:ucrt_stubs.obj
 0003:00000000       ___xc_a                    10016000     MSVCRTD:initializers.obj
 0003:00000104       ___xc_z                    10016104     MSVCRTD:initializers.obj
 0003:00000208       ___xi_a                    10016208     MSVCRTD:initializers.obj
 0003:0000030c       ___xi_z                    1001630c     MSVCRTD:initializers.obj
 0003:00000410       ___xp_a                    10016410     MSVCRTD:initializers.obj
 0003:00000514       ___xp_z                    10016514     MSVCRTD:initializers.obj
 0003:00000618       ___xt_a                    10016618     MSVCRTD:initializers.obj
 0003:0000071c       ___xt_z                    1001671c     MSVCRTD:initializers.obj
 0003:00000820       __pRawDllMain              10016820     MSVCRTD:dll_dllmain.obj
 0003:00000820       __pDefaultRawDllMain       10016820     MSVCRTD:dll_dllmain.obj
 0003:0000083c       ??_C@_0BJ@HEGAHDFO@Stack?5pointer?5corruption?$AA@ 1001683c     MSVCRTD:_userapi_.obj
 0003:0000085c       ??_C@_0CK@FEGOIOPB@Cast?5to?5smaller?5type?5causing?5los@ 1001685c     MSVCRTD:_userapi_.obj
 0003:00000890       ??_C@_0BI@CIGMDCBH@Stack?5memory?5corruption?$AA@ 10016890     MSVCRTD:_userapi_.obj
 0003:000008ac       ??_C@_0CK@CNLNOEPB@Local?5variable?5used?5before?5initi@ 100168ac     MSVCRTD:_userapi_.obj
 0003:000008e0       ??_C@_0BP@OGBCLIBO@Stack?5around?5_alloca?5corrupted?$AA@ 100168e0     MSVCRTD:_userapi_.obj
 0003:000009c8       ??_C@_0NN@NGPKDKPD@The?5value?5of?5ESP?5was?5not?5properl@ 100169c8     MSVCRTD:_error_.obj
 0003:00000ad8       ??_C@_0BBN@GPMLNJCF@A?5cast?5to?5a?5smaller?5data?5type?5ha@ 10016ad8     MSVCRTD:_error_.obj
 0003:00000c30       ??_C@_0BN@FFOINMNJ@Stack?5memory?5was?5corrupted?6?$AN?$AA@ 10016c30     MSVCRTD:_error_.obj
 0003:00000c54       ??_C@_0DG@HKJMLLLP@A?5local?5variable?5was?5used?5before@ 10016c54     MSVCRTD:_error_.obj
 0003:00000c94       ??_C@_0CM@NGINOKPC@Stack?5memory?5around?5_alloca?5was?5@ 10016c94     MSVCRTD:_error_.obj
 0003:00000cc8       ??_C@_0BO@GNIAFIKK@Unknown?5Runtime?5Check?5Error?6?$AN?$AA@ 10016cc8     MSVCRTD:_error_.obj
 0003:00000cf0       ??_C@_1GM@OLMCBDMB@?$AAR?$AAu?$AAn?$AAt?$AAi?$AAm?$AAe?$AA?5?$AAC?$AAh?$AAe?$AAc?$AAk?$AA?5?$AAE?$AAr?$AAr?$AAo?$AAr?$AA?4?$AA?6?$AA?$AN?$AA?5?$AAU?$AAn?$AAa?$AAb?$AAl?$AAe?$AA?5?$AAt?$AAo@ 10016cf0     MSVCRTD:_error_.obj
 0003:00000d78       ??_C@_1EA@NFKNIFJP@?$AAR?$AAu?$AAn?$AA?9?$AAT?$AAi?$AAm?$AAe?$AA?5?$AAC?$AAh?$AAe?$AAc?$AAk?$AA?5?$AAF?$AAa?$AAi?$AAl?$AAu?$AAr?$AAe?$AA?5?$AA?$CD?$AA?$CF?$AAd?$AA?5?$AA?9?$AA?5?$AA?$CF?$AAs?$AA?$AA@ 10016d78     MSVCRTD:_error_.obj
 0003:00000dc4       ??_C@_0BB@PFFGGCJP@Unknown?5Filename?$AA@ 10016dc4     MSVCRTD:_error_.obj
 0003:00000dd8       ??_C@_0BE@GNBOBNCK@Unknown?5Module?5Name?$AA@ 10016dd8     MSVCRTD:_error_.obj
 0003:00000df0       ??_C@_0CA@IODNCDPG@Run?9Time?5Check?5Failure?5?$CD?$CFd?5?9?5?$CFs?$AA@ 10016df0     MSVCRTD:_error_.obj
 0003:00000e18       ??_C@_0CG@IAFNJNEE@Stack?5corrupted?5near?5unknown?5var@ 10016e18     MSVCRTD:_error_.obj
 0003:00000e48       ??_C@_05MKKEDADM@?$CF?42X?5?$AA@ 10016e48     MSVCRTD:_error_.obj
 0003:00000e50       ??_C@_0EJ@LJKNEOLN@Stack?5area?5around?5_alloca?5memory@ 10016e50     MSVCRTD:_error_.obj
 0003:00000ea8       ??_C@_08OMAHNMHJ@?6Data?3?5?$DM?$AA@ 10016ea8     MSVCRTD:_error_.obj
 0003:00000eb4       ??_C@_0CK@DKGBICFE@?6Allocation?5number?5within?5this?5f@ 10016eb4     MSVCRTD:_error_.obj
 0003:00000ee8       ??_C@_07DFDJCKFN@?6Size?3?5?$AA@ 10016ee8     MSVCRTD:_error_.obj
 0003:00000ef4       ??_C@_0N@MHFFIMFG@?6Address?3?50x?$AA@ 10016ef4     MSVCRTD:_error_.obj
 0003:00000f08       ??_C@_0EI@CLEPFNGI@Stack?5area?5around?5_alloca?5memory@ 10016f08     MSVCRTD:_error_.obj
 0003:00000f60       ??_C@_0BC@HHMKLAND@?$CFs?$CFs?$CFp?$CFs?$CFzd?$CFs?$CFd?$CFs?$AA@ 10016f60     MSVCRTD:_error_.obj
 0003:00000f78       ??_C@_01EEMJAFIK@?6?$AA@   10016f78     MSVCRTD:_error_.obj
 0003:00000f7c       ??_C@_02LLMPMKNF@?$DO?5?$AA@ 10016f7c     MSVCRTD:_error_.obj
 0003:00000f80       ??_C@_08KJEDNCKC@?$CFs?$CFs?$CFs?$CFs?$AA@ 10016f80     MSVCRTD:_error_.obj
 0003:00000f8c       ??_C@_0DE@OHJBPMBP@A?5variable?5is?5being?5used?5without@ 10016f8c     MSVCRTD:_error_.obj
 0003:00001028       ??_C@_1EI@MLPKHBGE@?$AAa?$AAp?$AAi?$AA?9?$AAm?$AAs?$AA?9?$AAw?$AAi?$AAn?$AA?9?$AAc?$AAo?$AAr?$AAe?$AA?9?$AAr?$AAe?$AAg?$AAi?$AAs?$AAt?$AAr?$AAy?$AA?9?$AAl?$AA1?$AA?9?$AA1?$AA?9?$AA0?$AA?4@ 10017028     MSVCRTD:_pdblkup_.obj
 0003:00001080       ??_C@_1BK@JHLNAEJL@?$AAa?$AAd?$AAv?$AAa?$AAp?$AAi?$AA3?$AA2?$AA?4?$AAd?$AAl?$AAl?$AA?$AA@ 10017080     MSVCRTD:_pdblkup_.obj
 0003:000010a0       ??_C@_0O@COHOBMLB@RegOpenKeyExW?$AA@ 100170a0     MSVCRTD:_pdblkup_.obj
 0003:000010b0       ??_C@_0BB@GLNAEDBD@RegQueryValueExW?$AA@ 100170b0     MSVCRTD:_pdblkup_.obj
 0003:000010c4       ??_C@_0M@HLOHPNFA@RegCloseKey?$AA@ 100170c4     MSVCRTD:_pdblkup_.obj
 0003:000010d8       ??_C@_1HE@EBEAGLFB@?$AAS?$AAO?$AAF?$AAT?$AAW?$AAA?$AAR?$AAE?$AA?2?$AAW?$AAo?$AAw?$AA6?$AA4?$AA3?$AA2?$AAN?$AAo?$AAd?$AAe?$AA?2?$AAM?$AAi?$AAc?$AAr?$AAo?$AAs?$AAo?$AAf?$AAt?$AA?2?$AAV@ 100170d8     MSVCRTD:_pdblkup_.obj
 0003:00001164       ??_C@_1BG@EABPBLLF@?$AAP?$AAr?$AAo?$AAd?$AAu?$AAc?$AAt?$AAD?$AAi?$AAr?$AA?$AA@ 10017164     MSVCRTD:_pdblkup_.obj
 0003:000011a4       ??_C@_1BC@JINFINNJ@?$AAM?$AAS?$AAP?$AAD?$AAB?$AA1?$AA4?$AA0?$AA?$AA@ 100171a4     MSVCRTD:_pdblkup_.obj
 0003:000011bc       ??_C@_0BB@KCIACLNC@PDBOpenValidate5?$AA@ 100171bc     MSVCRTD:_pdblkup_.obj
 0003:000011d0       ??_C@_01KDCPPGHE@r?$AA@    100171d0     MSVCRTD:_pdblkup_.obj
 0003:00001218       __load_config_used         10017218     MSVCRTD:loadcfg.obj
 0003:00001540       ___rtc_iaa                 10017540     MSVCRTD:_initsect_.obj
 0003:00001748       ___rtc_izz                 10017748     MSVCRTD:_initsect_.obj
 0003:0000184c       ___rtc_taa                 1001784c     MSVCRTD:_initsect_.obj
 0003:00001a54       ___rtc_tzz                 10017a54     MSVCRTD:_initsect_.obj
 0004:00000000       ___scrt_native_dllmain_reason 10018000     MSVCRTD:utility.obj
 0004:00000004       ___security_cookie_complement 10018004     MSVCRTD:gs_cookie.obj
 0004:00000008       ___security_cookie         10018008     MSVCRTD:gs_cookie.obj
 0004:00000010       ?_RTC_ErrorLevels@@3PAHA   10018010     MSVCRTD:_error_.obj
 0004:00000028       ___isa_enabled             10018028     MSVCRTD:_cpu_disp_.obj
 0004:0000002c       ___crtWinrtInitType        1001802c     MSVCRTD:app_appinit.obj
 0004:00000030       ___scrt_ucrt_dll_is_in_use 10018030     MSVCRTD:ucrt_stubs.obj
 0004:0000014c       ___scrt_current_native_startup_state 1001814c     MSVCRTD:utility.obj
 0004:00000150       ___scrt_native_startup_lock 10018150     MSVCRTD:utility.obj
 0004:00000178       ?__type_info_root_node@@3U__type_info_node@@A 10018178     MSVCRTD:tncleanup.obj
 0004:00000188       ?_OptionsStorage@?1??__local_stdio_printf_options@@9@4_KA 10018188     MSVCRTD:default_local_stdio_options.obj
 0004:00000198       ?_OptionsStorage@?1??__local_stdio_scanf_options@@9@4_KA 10018198     MSVCRTD:default_local_stdio_options.obj
 0004:000001a4       ___isa_available           100181a4     MSVCRTD:_cpu_disp_.obj
 0004:000001a8       ___favor                   100181a8     MSVCRTD:_cpu_disp_.obj
 0004:00000574       ___dyn_tls_init_callback   10018574     <common>
 0005:00000000       __imp___except_handler4_common 10019000     vcruntimed:VCRUNTIME140D_APP.dll
 0005:00000004       __imp____vcrt_GetModuleFileNameW 10019004     vcruntimed:VCRUNTIME140D_APP.dll
 0005:00000008       __imp____vcrt_GetModuleHandleW 10019008     vcruntimed:VCRUNTIME140D_APP.dll
 0005:0000000c       __imp____vcrt_LoadLibraryExW 1001900c     vcruntimed:VCRUNTIME140D_APP.dll
 0005:00000010       __imp____std_type_info_destroy_list 10019010     vcruntimed:VCRUNTIME140D_APP.dll
 0005:00000014       \177VCRUNTIME140D_APP_NULL_THUNK_DATA 10019014     vcruntimed:VCRUNTIME140D_APP.dll
 0005:00000044       __imp__IsDebuggerPresent@0 10019044     WindowsApp:api-ms-win-core-debug-l1-1-1.dll
 0005:00000048       \177api-ms-win-core-debug-l1-1-1_NULL_THUNK_DATA 10019048     WindowsApp:api-ms-win-core-debug-l1-1-1.dll
 0005:00000074       __imp__GetLastError@0      10019074     WindowsApp:api-ms-win-core-errorhandling-l1-1-1.dll
 0005:00000078       __imp__RaiseException@16   10019078     WindowsApp:api-ms-win-core-errorhandling-l1-1-1.dll
 0005:0000007c       \177api-ms-win-core-errorhandling-l1-1-1_NULL_THUNK_DATA 1001907c     WindowsApp:api-ms-win-core-errorhandling-l1-1-1.dll
 0005:000000a8       __imp__GetProcessHeap@0    100190a8     WindowsApp:api-ms-win-core-heap-l1-2-0.dll
 0005:000000ac       __imp__HeapFree@12         100190ac     WindowsApp:api-ms-win-core-heap-l1-2-0.dll
 0005:000000b0       __imp__HeapAlloc@12        100190b0     WindowsApp:api-ms-win-core-heap-l1-2-0.dll
 0005:000000b4       \177api-ms-win-core-heap-l1-2-0_NULL_THUNK_DATA 100190b4     WindowsApp:api-ms-win-core-heap-l1-2-0.dll
 0005:000000e0       __imp__InitializeSListHead@4 100190e0     WindowsApp:api-ms-win-core-interlocked-l1-2-0.dll
 0005:000000e4       \177api-ms-win-core-interlocked-l1-2-0_NULL_THUNK_DATA 100190e4     WindowsApp:api-ms-win-core-interlocked-l1-2-0.dll
 0005:00000110       __imp__GetProcAddress@8    10019110     WindowsApp:api-ms-win-core-libraryloader-l1-2-0.dll
 0005:00000114       __imp__FreeLibrary@4       10019114     WindowsApp:api-ms-win-core-libraryloader-l1-2-0.dll
 0005:00000118       \177api-ms-win-core-libraryloader-l1-2-0_NULL_THUNK_DATA 10019118     WindowsApp:api-ms-win-core-libraryloader-l1-2-0.dll
 0005:00000144       __imp__VirtualQuery@12     10019144     WindowsApp:api-ms-win-core-memory-l1-1-2.dll
 0005:00000148       \177api-ms-win-core-memory-l1-1-2_NULL_THUNK_DATA 10019148     WindowsApp:api-ms-win-core-memory-l1-1-2.dll
 0005:00000174       __imp__GetCurrentThreadId@0 10019174     WindowsApp:api-ms-win-core-processthreads-l1-1-2.dll
 0005:00000178       __imp__IsProcessorFeaturePresent@4 10019178     WindowsApp:api-ms-win-core-processthreads-l1-1-2.dll
 0005:0000017c       __imp__GetCurrentProcessId@0 1001917c     WindowsApp:api-ms-win-core-processthreads-l1-1-2.dll
 0005:00000180       \177api-ms-win-core-processthreads-l1-1-2_NULL_THUNK_DATA 10019180     WindowsApp:api-ms-win-core-processthreads-l1-1-2.dll
 0005:000001ac       __imp__QueryPerformanceCounter@4 100191ac     WindowsApp:api-ms-win-core-profile-l1-1-0.dll
 0005:000001b0       \177api-ms-win-core-profile-l1-1-0_NULL_THUNK_DATA 100191b0     WindowsApp:api-ms-win-core-profile-l1-1-0.dll
 0005:000001dc       __imp__WideCharToMultiByte@32 100191dc     WindowsApp:api-ms-win-core-string-l1-1-0.dll
 0005:000001e0       __imp__MultiByteToWideChar@24 100191e0     WindowsApp:api-ms-win-core-string-l1-1-0.dll
 0005:000001e4       \177api-ms-win-core-string-l1-1-0_NULL_THUNK_DATA 100191e4     WindowsApp:api-ms-win-core-string-l1-1-0.dll
 0005:00000210       __imp__GetSystemTimeAsFileTime@4 10019210     WindowsApp:api-ms-win-core-sysinfo-l1-2-1.dll
 0005:00000214       \177api-ms-win-core-sysinfo-l1-2-1_NULL_THUNK_DATA 10019214     WindowsApp:api-ms-win-core-sysinfo-l1-2-1.dll
 0005:00000240       __imp__RoInitialize@4      10019240     WindowsApp:api-ms-win-core-winrt-l1-1-0.dll
 0005:00000244       \177api-ms-win-core-winrt-l1-1-0_NULL_THUNK_DATA 10019244     WindowsApp:api-ms-win-core-winrt-l1-1-0.dll
 0005:00000270       __imp___execute_onexit_table 10019270     ucrtd:ucrtbased.dll
 0005:00000274       __imp___crt_atexit         10019274     ucrtd:ucrtbased.dll
 0005:00000278       __imp___initialize_onexit_table 10019278     ucrtd:ucrtbased.dll
 0005:0000027c       __imp___initialize_narrow_environment 1001927c     ucrtd:ucrtbased.dll
 0005:00000280       __imp__wcscpy_s            10019280     ucrtd:ucrtbased.dll
 0005:00000284       __imp___configure_narrow_argv 10019284     ucrtd:ucrtbased.dll
 0005:00000288       __imp___seh_filter_dll     10019288     ucrtd:ucrtbased.dll
 0005:0000028c       __imp___crt_at_quick_exit  1001928c     ucrtd:ucrtbased.dll
 0005:00000290       __imp___wsplitpath_s       10019290     ucrtd:ucrtbased.dll
 0005:00000294       __imp___cexit              10019294     ucrtd:ucrtbased.dll
 0005:00000298       __imp___initterm_e         10019298     ucrtd:ucrtbased.dll
 0005:0000029c       __imp___initterm           1001929c     ucrtd:ucrtbased.dll
 0005:000002a0       __imp___CrtDbgReportW      100192a0     ucrtd:ucrtbased.dll
 0005:000002a4       __imp____stdio_common_vsprintf_s 100192a4     ucrtd:ucrtbased.dll
 0005:000002a8       __imp___CrtDbgReport       100192a8     ucrtd:ucrtbased.dll
 0005:000002ac       __imp___register_onexit_function 100192ac     ucrtd:ucrtbased.dll
 0005:000002b0       __imp___wmakepath_s        100192b0     ucrtd:ucrtbased.dll
 0005:000002b4       \177ucrtbased_NULL_THUNK_DATA 100192b4     ucrtd:ucrtbased.dll
 0005:000002ec       __IMPORT_DESCRIPTOR_VCRUNTIME140D_APP 100192ec     vcruntimed:VCRUNTIME140D_APP.dll
 0005:00000300       __IMPORT_DESCRIPTOR_ucrtbased 10019300     ucrtd:ucrtbased.dll
 0005:00000314       __IMPORT_DESCRIPTOR_api-ms-win-core-profile-l1-1-0 10019314     WindowsApp:api-ms-win-core-profile-l1-1-0.dll
 0005:00000328       __IMPORT_DESCRIPTOR_api-ms-win-core-processthreads-l1-1-2 10019328     WindowsApp:api-ms-win-core-processthreads-l1-1-2.dll
 0005:0000033c       __IMPORT_DESCRIPTOR_api-ms-win-core-sysinfo-l1-2-1 1001933c     WindowsApp:api-ms-win-core-sysinfo-l1-2-1.dll
 0005:00000350       __IMPORT_DESCRIPTOR_api-ms-win-core-interlocked-l1-2-0 10019350     WindowsApp:api-ms-win-core-interlocked-l1-2-0.dll
 0005:00000364       __IMPORT_DESCRIPTOR_api-ms-win-core-winrt-l1-1-0 10019364     WindowsApp:api-ms-win-core-winrt-l1-1-0.dll
 0005:00000378       __IMPORT_DESCRIPTOR_api-ms-win-core-debug-l1-1-1 10019378     WindowsApp:api-ms-win-core-debug-l1-1-1.dll
 0005:0000038c       __IMPORT_DESCRIPTOR_api-ms-win-core-errorhandling-l1-1-1 1001938c     WindowsApp:api-ms-win-core-errorhandling-l1-1-1.dll
 0005:000003a0       __IMPORT_DESCRIPTOR_api-ms-win-core-string-l1-1-0 100193a0     WindowsApp:api-ms-win-core-string-l1-1-0.dll
 0005:000003b4       __IMPORT_DESCRIPTOR_api-ms-win-core-heap-l1-2-0 100193b4     WindowsApp:api-ms-win-core-heap-l1-2-0.dll
 0005:000003c8       __IMPORT_DESCRIPTOR_api-ms-win-core-memory-l1-1-2 100193c8     WindowsApp:api-ms-win-core-memory-l1-1-2.dll
 0005:000003dc       __IMPORT_DESCRIPTOR_api-ms-win-core-libraryloader-l1-2-0 100193dc     WindowsApp:api-ms-win-core-libraryloader-l1-2-0.dll
 0005:000003f0       __NULL_IMPORT_DESCRIPTOR   100193f0     vcruntimed:VCRUNTIME140D_APP.dll
 0007:00000000       ___guard_check_icall_fptr  1001b000     MSVCRTD:guard_support.obj

 Exports

  ordinal    name

        1    _GetTestInteger
               exported name: GetTestInteger
